2025-03-28T02:24:43+00:00 CRITICAL Uncaught TypeError: count(): Argument #1 ($value) must be of type Countable|array, bool given in /Applications/XAMPP/xamppfiles/htdocs/wordpress/wp-content/plugins/add-on-contact-form-7-mailpoet/includes/class-mailpoet-cf7-integration.php:126
Stack trace:
#0 /Applications/XAMPP/xamppfiles/htdocs/wordpress/wp-content/plugins/contact-form-7/includes/form-tags-manager.php(549): MailPoet_CF7_Integration->mailpoet_signup_form_tag(Object(WPCF7_FormTag))
#1 /Applications/XAMPP/xamppfiles/htdocs/wordpress/wp-content/plugins/contact-form-7/includes/form-tags-manager.php(459): WPCF7_FormTagsManager->scan_callback(Array, true)
#2 [internal function]: WPCF7_FormTagsManager->replace_callback(Array)
#3 /Applications/XAMPP/xamppfiles/htdocs/wordpress/wp-content/plugins/contact-form-7/includes/form-tags-manager.php(352): preg_replace_callback('/(\\[?)\\[(mailpo...', Array, '<p>[mailpoetsig...')
#4 /Applications/XAMPP/xamppfiles/htdocs/wordpress/wp-content/plugins/contact-form-7/includes/form-tags-manager.php(327): WPCF7_FormTagsManager->scan('<p>[mailpoetsig...', true)
#5 /Applications/XAMPP/xamppfiles/htdocs/wordpress/wp-content/plugins/contact-form-7/includes/contact-form.php(892): WPCF7_FormTagsManager->replace_all('<p>[mailpoetsig...')
#6 /Applications/XAMPP/xamppfiles/htdocs/wordpress/wp-content/plugins/contact-form-7/includes/contact-form.php(958): WPCF7_ContactForm->replace_all_form_tags()
#7 /Applications/XAMPP/xamppfiles/htdocs/wordpress/wp-content/plugins/contact-form-7/includes/contact-form.php(658): WPCF7_ContactForm->form_elements()
#8 /Applications/XAMPP/xamppfiles/htdocs/wordpress/wp-content/plugins/contact-form-7/includes/contact-form-functions.php(269): WPCF7_ContactForm->form_html(Array)
#9 [internal function]: {closure}(Object(WPCF7_ContactForm), Array)
#10 /Applications/XAMPP/xamppfiles/htdocs/wordpress/wp-content/plugins/contact-form-7/includes/l10n.php(147): call_user_func(Object(Closure), Object(WPCF7_ContactForm), Array)
#11 /Applications/XAMPP/xamppfiles/htdocs/wordpress/wp-content/plugins/contact-form-7/includes/contact-form-functions.php(272): wpcf7_switch_locale('en_US', Object(Closure), Object(WPCF7_ContactForm), Array)
#12 /Applications/XAMPP/xamppfiles/htdocs/wordpress/wp-includes/shortcodes.php(434): wpcf7_contact_form_tag_func(Array, '', 'contact-form-7')
#13 [internal function]: do_shortcode_tag(Array)
#14 /Applications/XAMPP/xamppfiles/htdocs/wordpress/wp-includes/shortcodes.php(273): preg_replace_callback('/\\[(\\[?)(contac...', 'do_shortcode_ta...', '[contact-form-7...')
#15 /Applications/XAMPP/xamppfiles/htdocs/wordpress/wp-content/plugins/elementor/includes/widgets/shortcode.php(141): do_shortcode('[contact-form-7...')
#16 /Applications/XAMPP/xamppfiles/htdocs/wordpress/wp-content/plugins/elementor/includes/base/controls-stack.php(2374): Elementor\Widget_Shortcode->render()
#17 /Applications/XAMPP/xamppfiles/htdocs/wordpress/wp-content/plugins/elementor/includes/base/widget-base.php(636): Elementor\Controls_Stack->render_by_mode()
#18 /Applications/XAMPP/xamppfiles/htdocs/wordpress/wp-content/plugins/elementor/includes/base/widget-base.php(774): Elementor\Widget_Base->render_content()
#19 /Applications/XAMPP/xamppfiles/htdocs/wordpress/wp-content/plugins/elementor/includes/base/element-base.php(482): Elementor\Widget_Base->print_content()
#20 /Applications/XAMPP/xamppfiles/htdocs/wordpress/wp-content/plugins/elementor/modules/element-cache/module.php(74): Elementor\Element_Base->print_element()
#21 /Applications/XAMPP/xamppfiles/htdocs/wordpress/wp-includes/shortcodes.php(434): Elementor\Modules\ElementCache\Module->Elementor\Modules\ElementCache\{closure}(Array, '', 'elementor-eleme...')
#22 [internal function]: do_shortcode_tag(Array)
#23 /Applications/XAMPP/xamppfiles/htdocs/wordpress/wp-includes/shortcodes.php(273): preg_replace_callback('/\\[(\\[?)(elemen...', 'do_shortcode_ta...', '<div class="ele...')
#24 /Applications/XAMPP/xamppfiles/htdocs/wordpress/wp-content/plugins/elementor/core/base/document.php(1867): do_shortcode('<div class="ele...')
#25 /Applications/XAMPP/xamppfiles/htdocs/wordpress/wp-content/plugins/elementor/core/base/document.php(1202): Elementor\Core\Base\Document->print_elements(Array)
#26 /Applications/XAMPP/xamppfiles/htdocs/wordpress/wp-content/plugins/elementor/includes/frontend.php(1203): Elementor\Core\Base\Document->print_elements_with_wrapper(Array)
#27 /Applications/XAMPP/xamppfiles/htdocs/wordpress/wp-content/plugins/elementor/includes/frontend.php(1098): Elementor\Frontend->get_builder_content(3891)
#28 /Applications/XAMPP/xamppfiles/htdocs/wordpress/wp-includes/class-wp-hook.php(324): Elementor\Frontend->apply_builder_in_content('<h2>Register yo...')
#29 /Applications/XAMPP/xamppfiles/htdocs/wordpress/wp-includes/plugin.php(205): WP_Hook->apply_filters('<h2>Register yo...', Array)
#30 /Applications/XAMPP/xamppfiles/htdocs/wordpress/wp-includes/post-template.php(256): apply_filters('the_content', '<h2>Register yo...')
#31 /Applications/XAMPP/xamppfiles/htdocs/wordpress/wp-content/themes/astra/template-parts/single/content-header.php(37): the_content()
#32 /Applications/XAMPP/xamppfiles/htdocs/wordpress/wp-includes/template.php(812): require('/Applications/X...')
#33 /Applications/XAMPP/xamppfiles/htdocs/wordpress/wp-includes/template.php(745): load_template('/Applications/X...', false, Array)
#34 /Applications/XAMPP/xamppfiles/htdocs/wordpress/wp-includes/general-template.php(206): locate_template(Array, true, false, Array)
#35 /Applications/XAMPP/xamppfiles/htdocs/wordpress/wp-content/themes/astra/inc/template-parts.php(370): get_template_part('template-parts/...')
#36 /Applications/XAMPP/xamppfiles/htdocs/wordpress/wp-includes/class-wp-hook.php(324): astra_entry_content_single_page_template('')
#37 /Applications/XAMPP/xamppfiles/htdocs/wordpress/wp-includes/class-wp-hook.php(348): WP_Hook->apply_filters('', Array)
#38 /Applications/XAMPP/xamppfiles/htdocs/wordpress/wp-includes/plugin.php(517): WP_Hook->do_action(Array)
#39 /Applications/XAMPP/xamppfiles/htdocs/wordpress/wp-content/themes/astra/inc/core/theme-hooks.php(450): do_action('astra_entry_con...')
#40 /Applications/XAMPP/xamppfiles/htdocs/wordpress/wp-content/themes/astra/template-parts/content-page.php(28): astra_entry_content_single_page()
#41 /Applications/XAMPP/xamppfiles/htdocs/wordpress/wp-includes/template.php(812): require('/Applications/X...')
#42 /Applications/XAMPP/xamppfiles/htdocs/wordpress/wp-includes/template.php(745): load_template('/Applications/X...', false, Array)
#43 /Applications/XAMPP/xamppfiles/htdocs/wordpress/wp-includes/general-template.php(206): locate_template(Array, true, false, Array)
#44 /Applications/XAMPP/xamppfiles/htdocs/wordpress/wp-content/themes/astra/inc/class-astra-loop.php(109): get_template_part('template-parts/...', 'page')
#45 /Applications/XAMPP/xamppfiles/htdocs/wordpress/wp-includes/class-wp-hook.php(324): Astra_Loop->template_parts_page('')
#46 /Applications/XAMPP/xamppfiles/htdocs/wordpress/wp-includes/class-wp-hook.php(348): WP_Hook->apply_filters('', Array)
#47 /Applications/XAMPP/xamppfiles/htdocs/wordpress/wp-includes/plugin.php(517): WP_Hook->do_action(Array)
#48 /Applications/XAMPP/xamppfiles/htdocs/wordpress/wp-content/themes/astra/inc/class-astra-loop.php(197): do_action('astra_page_temp...')
#49 /Applications/XAMPP/xamppfiles/htdocs/wordpress/wp-content/themes/astra/inc/class-astra-loop.php(174): Astra_Loop->loop_markup(true)
#50 /Applications/XAMPP/xamppfiles/htdocs/wordpress/wp-includes/class-wp-hook.php(324): Astra_Loop->loop_markup_page('')
#51 /Applications/XAMPP/xamppfiles/htdocs/wordpress/wp-includes/class-wp-hook.php(348): WP_Hook->apply_filters('', Array)
#52 /Applications/XAMPP/xamppfiles/htdocs/wordpress/wp-includes/plugin.php(517): WP_Hook->do_action(Array)
#53 /Applications/XAMPP/xamppfiles/htdocs/wordpress/wp-content/themes/astra/inc/core/theme-hooks.php(265): do_action('astra_content_p...')
#54 /Applications/XAMPP/xamppfiles/htdocs/wordpress/wp-content/themes/astra/page.php(32): astra_content_page_loop()
#55 /Applications/XAMPP/xamppfiles/htdocs/wordpress/wp-includes/template-loader.php(106): include('/Applications/X...')
#56 /Applications/XAMPP/xamppfiles/htdocs/wordpress/wp-blog-header.php(19): require_once('/Applications/X...')
#57 /Applications/XAMPP/xamppfiles/htdocs/wordpress/index.php(18): require('/Applications/X...')
#58 {main}
  thrown in /Applications/XAMPP/xamppfiles/htdocs/wordpress/wp-content/plugins/add-on-contact-form-7-mailpoet/includes/class-mailpoet-cf7-integration.php on line 126

2025-03-28T02:24:43+00:00 CRITICAL Uncaught TypeError: count(): Argument #1 ($value) must be of type Countable|array, bool given in /Applications/XAMPP/xamppfiles/htdocs/wordpress/wp-content/plugins/add-on-contact-form-7-mailpoet/includes/class-mailpoet-cf7-integration.php:126
Stack trace:
#0 /Applications/XAMPP/xamppfiles/htdocs/wordpress/wp-content/plugins/contact-form-7/includes/form-tags-manager.php(549): MailPoet_CF7_Integration->mailpoet_signup_form_tag(Object(WPCF7_FormTag))
#1 /Applications/XAMPP/xamppfiles/htdocs/wordpress/wp-content/plugins/contact-form-7/includes/form-tags-manager.php(459): WPCF7_FormTagsManager->scan_callback(Array, true)
#2 [internal function]: WPCF7_FormTagsManager->replace_callback(Array)
#3 /Applications/XAMPP/xamppfiles/htdocs/wordpress/wp-content/plugins/contact-form-7/includes/form-tags-manager.php(352): preg_replace_callback('/(\\[?)\\[(mailpo...', Array, '<p>[mailpoetsig...')
#4 /Applications/XAMPP/xamppfiles/htdocs/wordpress/wp-content/plugins/contact-form-7/includes/form-tags-manager.php(327): WPCF7_FormTagsManager->scan('<p>[mailpoetsig...', true)
#5 /Applications/XAMPP/xamppfiles/htdocs/wordpress/wp-content/plugins/contact-form-7/includes/contact-form.php(892): WPCF7_FormTagsManager->replace_all('<p>[mailpoetsig...')
#6 /Applications/XAMPP/xamppfiles/htdocs/wordpress/wp-content/plugins/contact-form-7/includes/contact-form.php(958): WPCF7_ContactForm->replace_all_form_tags()
#7 /Applications/XAMPP/xamppfiles/htdocs/wordpress/wp-content/plugins/contact-form-7/includes/contact-form.php(658): WPCF7_ContactForm->form_elements()
#8 /Applications/XAMPP/xamppfiles/htdocs/wordpress/wp-content/plugins/contact-form-7/includes/contact-form-functions.php(269): WPCF7_ContactForm->form_html(Array)
#9 [internal function]: {closure}(Object(WPCF7_ContactForm), Array)
#10 /Applications/XAMPP/xamppfiles/htdocs/wordpress/wp-content/plugins/contact-form-7/includes/l10n.php(147): call_user_func(Object(Closure), Object(WPCF7_ContactForm), Array)
#11 /Applications/XAMPP/xamppfiles/htdocs/wordpress/wp-content/plugins/contact-form-7/includes/contact-form-functions.php(272): wpcf7_switch_locale('en_US', Object(Closure), Object(WPCF7_ContactForm), Array)
#12 /Applications/XAMPP/xamppfiles/htdocs/wordpress/wp-includes/shortcodes.php(434): wpcf7_contact_form_tag_func(Array, '', 'contact-form-7')
#13 [internal function]: do_shortcode_tag(Array)
#14 /Applications/XAMPP/xamppfiles/htdocs/wordpress/wp-includes/shortcodes.php(273): preg_replace_callback('/\\[(\\[?)(contac...', 'do_shortcode_ta...', '[contact-form-7...')
#15 /Applications/XAMPP/xamppfiles/htdocs/wordpress/wp-content/plugins/elementor/includes/widgets/shortcode.php(141): do_shortcode('[contact-form-7...')
#16 /Applications/XAMPP/xamppfiles/htdocs/wordpress/wp-content/plugins/elementor/includes/base/controls-stack.php(2374): Elementor\Widget_Shortcode->render()
#17 /Applications/XAMPP/xamppfiles/htdocs/wordpress/wp-content/plugins/elementor/includes/base/widget-base.php(636): Elementor\Controls_Stack->render_by_mode()
#18 /Applications/XAMPP/xamppfiles/htdocs/wordpress/wp-content/plugins/elementor/includes/base/widget-base.php(774): Elementor\Widget_Base->render_content()
#19 /Applications/XAMPP/xamppfiles/htdocs/wordpress/wp-content/plugins/elementor/includes/base/element-base.php(482): Elementor\Widget_Base->print_content()
#20 /Applications/XAMPP/xamppfiles/htdocs/wordpress/wp-content/plugins/elementor/modules/element-cache/module.php(74): Elementor\Element_Base->print_element()
#21 /Applications/XAMPP/xamppfiles/htdocs/wordpress/wp-includes/shortcodes.php(434): Elementor\Modules\ElementCache\Module->Elementor\Modules\ElementCache\{closure}(Array, '', 'elementor-eleme...')
#22 [internal function]: do_shortcode_tag(Array)
#23 /Applications/XAMPP/xamppfiles/htdocs/wordpress/wp-includes/shortcodes.php(273): preg_replace_callback('/\\[(\\[?)(elemen...', 'do_shortcode_ta...', '<div class="ele...')
#24 /Applications/XAMPP/xamppfiles/htdocs/wordpress/wp-content/plugins/elementor/core/base/document.php(1867): do_shortcode('<div class="ele...')
#25 /Applications/XAMPP/xamppfiles/htdocs/wordpress/wp-content/plugins/elementor/core/base/document.php(1202): Elementor\Core\Base\Document->print_elements(Array)
#26 /Applications/XAMPP/xamppfiles/htdocs/wordpress/wp-content/plugins/elementor/includes/frontend.php(1203): Elementor\Core\Base\Document->print_elements_with_wrapper(Array)
#27 /Applications/XAMPP/xamppfiles/htdocs/wordpress/wp-content/plugins/elementor/includes/frontend.php(1098): Elementor\Frontend->get_builder_content(3891)
#28 /Applications/XAMPP/xamppfiles/htdocs/wordpress/wp-includes/class-wp-hook.php(324): Elementor\Frontend->apply_builder_in_content('<h2>Register yo...')
#29 /Applications/XAMPP/xamppfiles/htdocs/wordpress/wp-includes/plugin.php(205): WP_Hook->apply_filters('<h2>Register yo...', Array)
#30 /Applications/XAMPP/xamppfiles/htdocs/wordpress/wp-includes/post-template.php(256): apply_filters('the_content', '<h2>Register yo...')
#31 /Applications/XAMPP/xamppfiles/htdocs/wordpress/wp-content/themes/astra/template-parts/single/content-header.php(37): the_content()
#32 /Applications/XAMPP/xamppfiles/htdocs/wordpress/wp-includes/template.php(812): require('/Applications/X...')
#33 /Applications/XAMPP/xamppfiles/htdocs/wordpress/wp-includes/template.php(745): load_template('/Applications/X...', false, Array)
#34 /Applications/XAMPP/xamppfiles/htdocs/wordpress/wp-includes/general-template.php(206): locate_template(Array, true, false, Array)
#35 /Applications/XAMPP/xamppfiles/htdocs/wordpress/wp-content/themes/astra/inc/template-parts.php(370): get_template_part('template-parts/...')
#36 /Applications/XAMPP/xamppfiles/htdocs/wordpress/wp-includes/class-wp-hook.php(324): astra_entry_content_single_page_template('')
#37 /Applications/XAMPP/xamppfiles/htdocs/wordpress/wp-includes/class-wp-hook.php(348): WP_Hook->apply_filters('', Array)
#38 /Applications/XAMPP/xamppfiles/htdocs/wordpress/wp-includes/plugin.php(517): WP_Hook->do_action(Array)
#39 /Applications/XAMPP/xamppfiles/htdocs/wordpress/wp-content/themes/astra/inc/core/theme-hooks.php(450): do_action('astra_entry_con...')
#40 /Applications/XAMPP/xamppfiles/htdocs/wordpress/wp-content/themes/astra/template-parts/content-page.php(28): astra_entry_content_single_page()
#41 /Applications/XAMPP/xamppfiles/htdocs/wordpress/wp-includes/template.php(812): require('/Applications/X...')
#42 /Applications/XAMPP/xamppfiles/htdocs/wordpress/wp-includes/template.php(745): load_template('/Applications/X...', false, Array)
#43 /Applications/XAMPP/xamppfiles/htdocs/wordpress/wp-includes/general-template.php(206): locate_template(Array, true, false, Array)
#44 /Applications/XAMPP/xamppfiles/htdocs/wordpress/wp-content/themes/astra/inc/class-astra-loop.php(109): get_template_part('template-parts/...', 'page')
#45 /Applications/XAMPP/xamppfiles/htdocs/wordpress/wp-includes/class-wp-hook.php(324): Astra_Loop->template_parts_page('')
#46 /Applications/XAMPP/xamppfiles/htdocs/wordpress/wp-includes/class-wp-hook.php(348): WP_Hook->apply_filters('', Array)
#47 /Applications/XAMPP/xamppfiles/htdocs/wordpress/wp-includes/plugin.php(517): WP_Hook->do_action(Array)
#48 /Applications/XAMPP/xamppfiles/htdocs/wordpress/wp-content/themes/astra/inc/class-astra-loop.php(197): do_action('astra_page_temp...')
#49 /Applications/XAMPP/xamppfiles/htdocs/wordpress/wp-content/themes/astra/inc/class-astra-loop.php(174): Astra_Loop->loop_markup(true)
#50 /Applications/XAMPP/xamppfiles/htdocs/wordpress/wp-includes/class-wp-hook.php(324): Astra_Loop->loop_markup_page('')
#51 /Applications/XAMPP/xamppfiles/htdocs/wordpress/wp-includes/class-wp-hook.php(348): WP_Hook->apply_filters('', Array)
#52 /Applications/XAMPP/xamppfiles/htdocs/wordpress/wp-includes/plugin.php(517): WP_Hook->do_action(Array)
#53 /Applications/XAMPP/xamppfiles/htdocs/wordpress/wp-content/themes/astra/inc/core/theme-hooks.php(265): do_action('astra_content_p...')
#54 /Applications/XAMPP/xamppfiles/htdocs/wordpress/wp-content/themes/astra/page.php(32): astra_content_page_loop()
#55 /Applications/XAMPP/xamppfiles/htdocs/wordpress/wp-includes/template-loader.php(106): include('/Applications/X...')
#56 /Applications/XAMPP/xamppfiles/htdocs/wordpress/wp-blog-header.php(19): require_once('/Applications/X...')
#57 /Applications/XAMPP/xamppfiles/htdocs/wordpress/index.php(18): require('/Applications/X...')
#58 {main}
  thrown in /Applications/XAMPP/xamppfiles/htdocs/wordpress/wp-content/plugins/add-on-contact-form-7-mailpoet/includes/class-mailpoet-cf7-integration.php on line 126

2025-03-31T06:30:45+00:00 CRITICAL syntax error, unexpected token "/", expecting end of file in /Applications/XAMPP/xamppfiles/htdocs/wordpress/wp-content/themes/astra/functions.php on line 213

2025-03-31T06:30:45+00:00 CRITICAL syntax error, unexpected token "/", expecting end of file in /Applications/XAMPP/xamppfiles/htdocs/wordpress/wp-content/themes/astra/functions.php on line 213

2025-03-31T06:31:19+00:00 CRITICAL syntax error, unexpected token "/", expecting end of file in /Applications/XAMPP/xamppfiles/htdocs/wordpress/wp-content/themes/astra/functions.php on line 213

2025-03-31T06:31:19+00:00 CRITICAL syntax error, unexpected token "/", expecting end of file in /Applications/XAMPP/xamppfiles/htdocs/wordpress/wp-content/themes/astra/functions.php on line 213

2025-03-31T06:31:35+00:00 CRITICAL syntax error, unexpected token "/", expecting end of file in /Applications/XAMPP/xamppfiles/htdocs/wordpress/wp-content/themes/astra/functions.php on line 213

2025-03-31T06:31:35+00:00 CRITICAL syntax error, unexpected token "/", expecting end of file in /Applications/XAMPP/xamppfiles/htdocs/wordpress/wp-content/themes/astra/functions.php on line 213

2025-03-31T06:31:35+00:00 CRITICAL syntax error, unexpected token "/", expecting end of file in /Applications/XAMPP/xamppfiles/htdocs/wordpress/wp-content/themes/astra/functions.php on line 213

2025-03-31T06:31:35+00:00 CRITICAL syntax error, unexpected token "/", expecting end of file in /Applications/XAMPP/xamppfiles/htdocs/wordpress/wp-content/themes/astra/functions.php on line 213

2025-03-31T06:31:36+00:00 CRITICAL syntax error, unexpected token "/", expecting end of file in /Applications/XAMPP/xamppfiles/htdocs/wordpress/wp-content/themes/astra/functions.php on line 213

2025-03-31T06:31:36+00:00 CRITICAL syntax error, unexpected token "/", expecting end of file in /Applications/XAMPP/xamppfiles/htdocs/wordpress/wp-content/themes/astra/functions.php on line 213

2025-03-31T06:31:41+00:00 CRITICAL syntax error, unexpected token "/", expecting end of file in /Applications/XAMPP/xamppfiles/htdocs/wordpress/wp-content/themes/astra/functions.php on line 213

2025-03-31T06:31:41+00:00 CRITICAL syntax error, unexpected token "/", expecting end of file in /Applications/XAMPP/xamppfiles/htdocs/wordpress/wp-content/themes/astra/functions.php on line 213

2025-03-31T06:31:44+00:00 CRITICAL syntax error, unexpected token "/", expecting end of file in /Applications/XAMPP/xamppfiles/htdocs/wordpress/wp-content/themes/astra/functions.php on line 213

2025-03-31T06:31:44+00:00 CRITICAL syntax error, unexpected token "/", expecting end of file in /Applications/XAMPP/xamppfiles/htdocs/wordpress/wp-content/themes/astra/functions.php on line 213

2025-03-31T06:31:46+00:00 CRITICAL syntax error, unexpected token "/", expecting end of file in /Applications/XAMPP/xamppfiles/htdocs/wordpress/wp-content/themes/astra/functions.php on line 213

2025-03-31T06:31:46+00:00 CRITICAL syntax error, unexpected token "/", expecting end of file in /Applications/XAMPP/xamppfiles/htdocs/wordpress/wp-content/themes/astra/functions.php on line 213

2025-03-31T06:31:46+00:00 CRITICAL syntax error, unexpected token "/", expecting end of file in /Applications/XAMPP/xamppfiles/htdocs/wordpress/wp-content/themes/astra/functions.php on line 213

2025-03-31T06:31:46+00:00 CRITICAL syntax error, unexpected token "/", expecting end of file in /Applications/XAMPP/xamppfiles/htdocs/wordpress/wp-content/themes/astra/functions.php on line 213

2025-03-31T06:31:51+00:00 CRITICAL syntax error, unexpected token "/", expecting end of file in /Applications/XAMPP/xamppfiles/htdocs/wordpress/wp-content/themes/astra/functions.php on line 213

2025-03-31T06:31:51+00:00 CRITICAL syntax error, unexpected token "/", expecting end of file in /Applications/XAMPP/xamppfiles/htdocs/wordpress/wp-content/themes/astra/functions.php on line 213

2025-03-31T06:32:43+00:00 CRITICAL syntax error, unexpected token "/", expecting end of file in /Applications/XAMPP/xamppfiles/htdocs/wordpress/wp-content/themes/astra/functions.php on line 213

2025-03-31T06:32:43+00:00 CRITICAL syntax error, unexpected token "/", expecting end of file in /Applications/XAMPP/xamppfiles/htdocs/wordpress/wp-content/themes/astra/functions.php on line 213

